{
  "entity_learningProgram": "leerprogramma",
  "entity_learningPrograms": "leerprogramma's",
  "entity_course": "cursus",
  "entity_courses": "cursussen",
  "entity_module": "$$$ module",
  "entity_chapter": "hoofdstuk"
}